exports[`Suite parsers should create an schema given an array 1`] = `
Array [
  undefined,
  undefined,
  undefined,
]
`;

exports[`Suite parsers should create an schema given an object 1`] = `
Object {
  "iterable": undefined,
  "type": undefined,
  "values": undefined,
}
`;

exports[`Suite parsers should create the schema default values 1`] = `
Object {
  "arr": Array [
    0,
    "",
  ],
  "dispatch": undefined,
  "func": undefined,
  "name": "",
  "shape": Object {
    "deep": Object {
      "nested": "",
    },
    "id": 0,
    "object": Object {},
  },
  "value": 0,
  "year": 0,
}
`;

exports[`Suite parsers should create the schema prop types 1`] = `
Object {
  "arr": [Function],
  "dispatch": [Function],
  "func": [Function],
  "name": [Function],
  "shape": [Function],
  "value": [Function],
  "year": [Function],
}
`;

exports[`Suite parsers should create the schema prop types with isRequired 1`] = `
Object {
  "geo": [Function],
  "req": [Function],
}
`;

exports[`Suite parsers should select an strategy for recursivity 1`] = `
Object {
  "iterable": undefined,
  "type": undefined,
  "values": undefined,
}
`;

exports[`Suite parsers should select an strategy for recursivity 2`] = `
Object {
  "iterable": undefined,
  "type": undefined,
  "values": undefined,
}
`;
